
> technikna-2k26@0.0.0 build
> vite build

[36mvite v7.2.7 [32mbuilding client environment for production...[36m[39m
transforming...
node.exe : 
At line:1 char:1
+ & "C:\Program Files\nodejs/node.exe" "C:\Program Files\nodejs/node_mo ...
+ ~~~~~~~~~~~~~~~~~~~~~~~~~~~~~~~~~~~~~~~~~~~~~~~~~~~~~~~~~~~~~~~~~~~~~
    + CategoryInfo          : NotSpecified: (:String) [], RemoteException
    + FullyQualifiedErrorId : NativeCommandError
 
/images/event-bg.jpg referenced in /images/event-bg.jpg didn't resolve at build time, it will 
remain unchanged to be resolved at runtime

/images/login-samurai-bg.jpg referenced in /images/login-samurai-bg.jpg didn't resolve at build 
time, it will remain unchanged to be resolved at runtime
[32mΓ£ô[39m 2281 modules transformed.
rendering chunks...
computing gzip size...
[2mdist/[22m[32mindex.html                         [39m[1m[2m    1.25 kB[22m[1m[22m[2m Γöé gzip:   0.66 kB[22m
[2mdist/[22m[32massets/japan-ramen-DANqWb8W.otf    [39m[1m[2m   15.59 kB[22m[1m[22m
[2mdist/[22m[32massets/technika_logo-BHoFA1bH.png  [39m[1m[2m   76.63 kB[22m[1m[22m
[2mdist/[22m[32massets/kumbhsans-5zhGxL8_.ttf      [39m[1m[2m  118.57 kB[22m[1m[22m
[2mdist/[22m[35massets/index-DXaQByaK.css          [39m[1m[2m  118.26 kB[22m[1m[22m[2m Γöé gzip:  17.68 kB[22m
[2mdist/[22m[36massets/index-Cb1D6WvK.js           [39m[1m[2m1,226.91 kB[22m[1m[22m[2m Γöé gzip: 373.82 kB[22m
[32mΓ£ô built in 13.58s[39m
